2026-05-22 18:45:44,451 - INFO - База test_db успешно удалена
2026-05-22 18:46:23,986 - INFO - База test_db успешно удалена
2026-05-22 18:46:40,781 - INFO - База test_db успешно удалена
2026-05-22 18:48:38,287 - INFO - База test_db успешно удалена
2026-05-22 18:49:06,129 - INFO - База test_db успешно удалена
2026-05-22 18:49:19,965 - INFO - База test_db успешно удалена
2026-05-22 18:57:37,987 - INFO - База test_db успешно удалена
2026-05-22 19:02:36,586 - INFO - База test_db успешно удалена
2026-05-22 19:02:46,918 - INFO - База test_db успешно удалена
2026-05-22 19:05:36,814 - INFO - База test_db успешно удалена
2026-05-22 19:05:47,897 - INFO - База test_db успешно удалена
2026-05-22 19:06:32,216 - INFO - База test_db успешно удалена
2026-05-22 20:25:36,729 - INFO - База my_test_db успешно удалена
2026-05-22 20:44:34,667 - INFO - База test_db успешно удалена
2026-05-22 20:46:05,405 - INFO - База test_db успешно удалена
2026-05-22 20:46:39,991 - INFO - База test_db успешно удалена
2026-05-22 20:47:04,238 - INFO - База test_db успешно удалена
2026-05-22 20:55:23,632 - INFO - База test_db успешно удалена
2026-05-22 21:29:59,735 - INFO - База данных test_db успешно удалена из кластера test.
2026-05-22 21:37:09,759 - INFO - База данных test_db успешно удалена из кластера test.
2026-05-22 21:44:43,903 - INFO - База данных test_db успешно удалена из кластера test.
2026-05-22 22:04:13,884 - INFO - Резервная копия базы prod_db успешно выполнена в директорию по пути /var/backups/prod_db_2026-05-22_22-04-13.backup
2026-05-22 22:05:29,568 - INFO - Резервная копия базы prod_db успешно выполнена в директорию по пути /var/backups/prod_db_2026-05-22_22-05-29.backup
2026-05-22 22:06:15,248 - INFO - Резервная копия базы prod_db успешно выполнена в директорию по пути /var/backups/prod_db_2026-05-22_22-06-15.backup
2026-05-22 22:06:15,560 - INFO - Резервная копия базы prod_db успешно выполнена в директорию по пути /var/backups/prod_db_2026-05-22_22-06-15.custom
2026-05-22 22:06:15,594 - INFO - Резервная копия базы prod_db успешно выполнена в директорию по пути /var/backups/prod_db_2026-05-22_22-06-15.tar
2026-05-22 22:06:15,623 - INFO - Резервная копия базы prod_db успешно выполнена в директорию по пути /var/backups/prod_db_2026-05-22_22-06-15.sql
2026-05-22 22:10:57,434 - INFO - Резервная копия базы prod_db успешно выполнена в директорию по пути /var/backups/prod_db_2026-05-22_22-10-57.backup
2026-05-22 22:10:57,674 - INFO - Резервная копия базы prod_db успешно выполнена в директорию по пути /var/backups/prod_db_2026-05-22_22-10-57.backup
2026-05-22 22:10:57,703 - INFO - Резервная копия базы prod_db успешно выполнена в директорию по пути /var/backups/prod_db_2026-05-22_22-10-57.custom
2026-05-22 22:10:57,734 - INFO - Резервная копия базы prod_db успешно выполнена в директорию по пути /var/backups/prod_db_2026-05-22_22-10-57.tar
2026-05-22 22:10:57,766 - INFO - Резервная копия базы prod_db успешно выполнена в директорию по пути /var/backups/prod_db_2026-05-22_22-10-57.sql
2026-05-22 22:36:18,191 - INFO - Резервная копия базы prod_db успешно выполнена в директорию по пути /var/backups/prod_db_2026-05-22_22-36-18.backup
2026-05-22 22:36:18,459 - INFO - Резервная копия базы prod_db успешно выполнена в директорию по пути /var/backups/prod_db_2026-05-22_22-36-18.custom
2026-05-22 22:36:18,494 - INFO - Резервная копия базы prod_db успешно выполнена в директорию по пути /var/backups/prod_db_2026-05-22_22-36-18.tar
2026-05-22 22:36:18,544 - INFO - Резервная копия базы prod_db успешно выполнена в директорию по пути /var/backups/prod_db_2026-05-22_22-36-18.sql
2026-05-22 22:36:39,833 - INFO - Резервная копия базы prod_db успешно выполнена в директорию по пути /var/backups/prod_db_2026-05-22_22-36-39.backup
2026-05-22 22:36:40,094 - INFO - Резервная копия базы prod_db успешно выполнена в директорию по пути /var/backups/prod_db_2026-05-22_22-36-39.custom
2026-05-22 22:36:40,126 - INFO - Резервная копия базы prod_db успешно выполнена в директорию по пути /var/backups/prod_db_2026-05-22_22-36-39.tar
2026-05-22 22:36:40,165 - INFO - Резервная копия базы prod_db успешно выполнена в директорию по пути /var/backups/prod_db_2026-05-22_22-36-39.sql
2026-05-22 22:39:30,615 - INFO - Резервная копия базы prod_db успешно выполнена в директорию по пути /var/backups/prod_db_2026-05-22_21-58-00.backup
2026-05-22 22:39:30,640 - INFO - Резервная копия базы prod_db успешно выполнена в директорию по пути /var/backups/prod_db_2026-05-22_21-58-00.custom
2026-05-22 22:39:30,662 - INFO - Резервная копия базы prod_db успешно выполнена в директорию по пути /var/backups/prod_db_2026-05-22_21-58-00.tar
2026-05-22 22:39:30,688 - INFO - Резервная копия базы prod_db успешно выполнена в директорию по пути /var/backups/prod_db_2026-05-22_21-58-00.sql
